source.edit.kind.active:
  5:15-5:15 "
    fn foo() {
        <#code#>
    }
"
