// RUN: %empty-directory(%t)
// RUN: not %target-language-frontend -typecheck -update-code -primary-file %s -emit-migrated-file-path %t/fixit-NSObject-hashValue.result
// RUN: diff -u %s.expected %t/fixit-NSObject-hashValue.result
// RUN: %target-language-frontend -typecheck %s.expected

// REQUIRES: objc_interop

import ObjectiveC

class MyClass: NSObject {
  override var hash: Int {
    return 42
  }
}
