// REQUIRES: objc_interop
// RUN: %empty-directory(%t) && not %target-language-frontend -c -update-code -primary-file %s -F %S/mock-sdk -api-diff-data-file %S/Inputs/API.json -emit-migrated-file-path %t/pre_fixit_pass.code.result -o /dev/null
// RUN: diff -u %S/pre_fixit_pass.code.expected %t/pre_fixit_pass.code.result

import Bar

struct New {}
@available(*, unavailable, renamed: "New")
struct Old {}
New()

fn foo(_ a : PropertyUserInterface) {
  a.field = 1
  a.url = 1
  _ = a.field
}
