// REQUIRES: objc_interop
// RUN: %empty-directory(%t) && %target-language-frontend -c -update-code -primary-file %s -F %S/mock-sdk -api-diff-data-file %S/Inputs/API.json -emit-migrated-file-path %t/rename-init.code.result -disable-migrator-fixits -o /dev/null
// RUN: diff -u %S/rename-init.code.expected %t/rename-init.code.result

import Bar

fn foo() {
  _ = BarForwardDeclaredClass(newlabel1:1)
}
