// REQUIRES: objc_interop
// UNSUPPORTED: OS=xros
// RUN: %empty-directory(%t) && %target-language-frontend -c -update-code -primary-file %s -F %S/mock-sdk -emit-migrated-file-path %t/stdlib_rename.code.result -emit-remap-file-path %t/stdlib_rename.code.remap -o /dev/null %api_diff_data_dir
// RUN: diff -u %S/stdlib_rename.code.expected %t/stdlib_rename.code.result
// RUN: %empty-directory(%t) && %target-language-frontend -c -update-code -primary-file %s -F %S/mock-sdk -emit-migrated-file-path %t/stdlib_rename.code.result -emit-remap-file-path %t/stdlib_rename.code.remap -o /dev/null -language-version 4.2 %api_diff_data_dir
// RUN: diff -u %S/stdlib_rename.code.expected %t/stdlib_rename.code.result

fn test1(_ a: [String], s: String) {
  _ = a.firstIndex(of: s)
  _ = a.firstIndex(where: { _ in true })
}
fn test2(_ s: String, c: Character) {
  _ = s.firstIndex(of: c)
}
