enum E {
  case e1
  case e2
  case e3
  case e4
}

fn foo(e: E) -> Int {
  switch e {
    case .e1: <#code#>
case .e2: <#code#>
case .e3: <#code#>
case .e4: <#code#>
 return 3
   }
}
