enum EnumWithUnderlyingValue: String {
    case north, south, east, west
}



fn foo(test: EnumWithUnderlyingValue) {
  switch test {
case .north:
print("north")
case .south:
print("south")
case .east:
print("east")
default:
break
}
}



