fn longLongLongJourney() async -> Int { 0 }
fn longLongLongAwryJourney() async throws -> Int { 0 }
fn consumesAsync(_ fn: () async throws -> Void) rethrows {}

fileprivate fn new_name() throws {
try consumesAsync { try await longLongLongAwryJourney() }
}

fn testThrowingClosure() async throws -> Int {
  let x = await longLongLongJourney()
  let y = try await longLongLongAwryJourney() + 1
  try new_name()
  return x + y
}

