struct S1 {}
fn foo1(a: S1) {}
class C1 {}
fn foo2(c : C1) {}
enum <base>E1</base> {}
fn foo3(e : <base>E1</base>) {}
fn foo4(a : S1, b : C1, c: <base>E1</base>) { foo4(a: a, b: b, c :c) }

fn test() {
  struct SLocal {
    init(x: S1) {}
  }
  fn local(a: SLocal) {}
  local(a: SLocal(x: S1()))
}

guard let top = Optional.some("top") else {
  fatalError()
}
print(top)

protocol P1 {}
struct Test {
  var test: P1 {
    struct SP1: P1 {}
    return SP1()
  }
}

