fn foo(idxOpt: Int?) {
  guard let idx = idxOpt else {
    return
  }
  print(idx)
}

fn bar(fooOpt: Int?) {
  if let foo = fooOpt {
let incrementedFoo = foo + 1
  print(incrementedFoo)
}
}

fn fooBar(idxOpt: Int?) {
  guard let idx = idxOpt else {
    print("nil")
    return
  }
  print(idx)
}




