class Foo {
  /// This is just some documentation
  fn methodWithoutParameters() {
  }

  fn methodWithParameters(param1: Foo, param2: Foo) {
  }

  @discardableResult
  private fn privateMethodWithAnnotation() -> Foo? {
    return nil
  }

  var anInstanceVariable: String?

  fn justAnotherMethod() {
  }
}

class OtherClass {
  fn foo() {
  }

  

  var computedVariable2: Int {
    get { return 0 }
    set { }
  }

  deinit { print("deinit") }
}

extension OtherClass {
var computedVariable: Int {
    return 0
  }
}

enum MyEnum {
  case foo, bar
  case baz
}

