fileprivate fn new_name(_ a: inout [Int]) -> [Int] {
a[0] = 3
  a[1] = 4
  a[3] = 4
  return a
}

fn foo(_ a : inout [Int]) -> [Int] {
  return new_name(&a)
}

